2025-01-24T15:41:22.832Z - 500 - INTERNAL_SERVER_ERROR - An unexpected error occurred - GET - /api/users/1/flatshares
2025-01-24T15:44:45.745Z - 500 - INTERNAL_SERVER_ERROR - An unexpected error occurred - GET - /api/users/1/flatshares
2025-01-24T15:47:08.764Z - 500 - INTERNAL_SERVER_ERROR - An unexpected error occurred - GET - /api/users/1/flatshares
2025-01-24T15:48:17.447Z - 500 - INTERNAL_SERVER_ERROR - An unexpected error occurred - GET - /api/users/1/flatshares
2025-01-24T15:51:48.997Z - 500 - INTERNAL_SERVER_ERROR - An unexpected error occurred - POST - /api/users/register
2025-01-24T15:55:43.546Z - 500 - INTERNAL_SERVER_ERROR - An unexpected error occurred - POST - /api/users/register
